<testsuites name="jest tests" tests="0" failures="0" time="9.703">
</testsuites>